---
source: /home/labatata/Code/Go/GoParser/lexer/lexer_test.go
assertion_line: 93
---
[]string{
  "Plus@0..1 +",
  "Amper@5..6 &",
  "PlusEq@11..13 +=",
  "AmperEq@17..19 &=",
  "And@24..26 &&",
  "EqEqual@30..32 ==",
  "NotEq@36..38 !=",
  "Minus@39..40 -",
  "Vbar@44..45 |",
  "MinusEq@50..52 -=",
  "VbarEq@56..58 |=",
  "Or@63..65 ||",
  "LessThan@69..70 <",
  "LessThanEq@75..77 <=",
  "Tilde@82..83 ~",
  "Star@84..85 *",
  "Circumflex@89..90 ^",
  "StarEq@95..97 *=",
  "CircumflexEq@101..103 ^=",
  "Larrow@108..110 <-",
  "GreaterThan@114..115 >",
  "GreaterThanEq@120..122 >=",
  "BitclearEq@127..130 &^=",
  "Slash@131..132 /",
  "Lshift@136..138 <<",
  "SlashEq@142..144 /=",
  "LshiftEq@148..151 <<=",
  "PlusPlus@155..157 ++",
  "Equal@161..162 =",
  "ColonEq@167..169 :=",
  "Bitclear@174..176 &^",
  "Percent@177..178 %",
  "Rshift@182..184 >>",
  "PercentEq@188..190 %=",
  "RshiftEq@194..197 >>=",
  "MinusMinus@201..203 --",
  "Excla@207..208 !",
  "EOF@208..208 ",
}
