---
source: /home/labatata/Code/Go/GoParser/lexer/lexer_test.go
assertion_line: 38
---
[]string{
  "Comment@0..30 // This is a one line comment!",
  "Comment@31..84 /*\n    This\n    is\n    Multiline\n    Comment\n    !\n*/",
  "EOF@85..85 ",
}
